// Jest Snapshot v1, https://goo.gl/fbAQLP

exports[`Input renders correctly 1`] = `
.c3 {
  box-sizing: border-box;
  font-size: inherit;
  font-family: inherit;
  border: none;
  -webkit-appearance: none;
  background: transparent;
  color: inherit;
  width: 100%;
  padding: 11px;
  font-weight: 400;
  margin: 0;
  border: 1px solid #DDE1f0;
  border-radius: 4px;
}

.c3::-webkit-input-placeholder {
  color: #abb9c5;
}

.c3::-moz-placeholder {
  color: #abb9c5;
}

.c3:-ms-input-placeholder {
  color: #abb9c5;
}

.c3::-webkit-search-decoration {
  -webkit-appearance: none;
}

.c3::-moz-focus-inner {
  border: none;
  outline: none;
}

.c3:-moz-placeholder,
.c3::-moz-placeholder {
  opacity: 1;
}

.c2 {
  position: relative;
  width: 100%;
}

.c0 {
  font-family: 'Source Sans Pro',Helvetica,sans-serif;
  font-size: 14px;
  line-height: 1.5;
  box-sizing: border-box;
  -webkit-text-size-adjust: 100%;
  -ms-text-size-adjust: 100%;
  -moz-osx-font-smoothing: grayscale;
  -webkit-font-smoothing: antialiased;
}

.c4 {
  height: 38px;
  padding: 10px;
  padding-left: 20px;
  color: #2A506F;
  cursor: auto;
}

.c4:focus {
  border-color: #527699;
}

.c1 {
  font-family: 'Source Sans Pro',Helvetica,sans-serif;
  font-size: 14px;
  color: #2A506F;
}

<div
  className="c0 c1"
>
  <div
    className="c2"
  >
    <input
      autoComplete="off"
      autoCapitalize="off"
      className="c3 c4 "
      onBlur={[Function]}
      onChange={[Function]}
      onFocus={[Function]}
      onKeyDown={[Function]}
      placeholder="Placeholder Text"
    />
  </div>
</div>
`;
