// Jest Snapshot v1, https://goo.gl/fbAQLP

exports[`Select component should match the stored snapshot 1`] = `
.c12 {
  display: inline-block;
  -webkit-flex: 0 0 auto;
  -ms-flex: 0 0 auto;
  flex: 0 0 auto;
  width: 24px;
  height: 24px;
  fill: #2A506F;
  stroke: #2A506F;
}

.c12 g {
  fill: inherit;
  stroke: inherit;
}

.c12 *:not([stroke])[fill="none"] {
  stroke-width: 0;
}

.c12 *[stroke*="#"],
.c12 *[STROKE*="#"] {
  stroke: inherit;
  fill: none;
}

.c12 *[fill-rule],
.c12 *[FILL-RULE],
.c12 *[fill*="#"],
.c12 *[FILL*="#"] {
  fill: inherit;
  stroke: none;
}

.c5 {
  display: -webkit-box;
  display: -webkit-flex;
  display: -ms-flexbox;
  display: flex;
  box-sizing: border-box;
  max-width: 100%;
  -webkit-align-items: center;
  -webkit-box-align: center;
  -ms-flex-align: center;
  align-items: center;
  min-width: 0;
  min-height: 0;
  -webkit-flex-direction: row;
  -ms-flex-direction: row;
  flex-direction: row;
  -webkit-box-pack: justify;
  -webkit-justify-content: space-between;
  -ms-flex-pack: justify;
  justify-content: space-between;
}

.c6 {
  display: -webkit-box;
  display: -webkit-flex;
  display: -ms-flexbox;
  display: flex;
  box-sizing: border-box;
  min-width: 0;
  min-height: 0;
  -webkit-flex-direction: row;
  -ms-flex-direction: row;
  flex-direction: row;
  -webkit-flex: 1 1;
  -ms-flex: 1 1;
  flex: 1 1;
  -webkit-flex-basis: auto;
  -ms-flex-preferred-size: auto;
  flex-basis: auto;
}

.c11 {
  display: -webkit-box;
  display: -webkit-flex;
  display: -ms-flexbox;
  display: flex;
  box-sizing: border-box;
  max-width: 100%;
  margin-left: 12px;
  margin-right: 12px;
  min-width: 0;
  min-height: 0;
  -webkit-flex-direction: column;
  -ms-flex-direction: column;
  flex-direction: column;
  -webkit-flex: 0 0 auto;
  -ms-flex: 0 0 auto;
  flex: 0 0 auto;
}

.c3 {
  display: inline-block;
  box-sizing: border-box;
  cursor: pointer;
  font: inherit;
  -webkit-text-decoration: none;
  text-decoration: none;
  margin: 0;
  background: transparent;
  overflow: visible;
  text-transform: none;
  color: inherit;
  outline: none;
  border: none;
  padding: 0;
  text-align: inherit;
}

.c8 {
  box-sizing: border-box;
  font-size: inherit;
  font-family: inherit;
  border: none;
  -webkit-appearance: none;
  background: transparent;
  color: inherit;
  width: 100%;
  padding: 11px;
  font-weight: 400;
  margin: 0;
  border: 1px solid #DDE1f0;
  border-radius: 4px;
  outline: none;
  border: none;
}

.c8::-webkit-input-placeholder {
  color: #abb9c5;
}

.c8::-moz-placeholder {
  color: #abb9c5;
}

.c8:-ms-input-placeholder {
  color: #abb9c5;
}

.c8::-webkit-search-decoration {
  -webkit-appearance: none;
}

.c8::-moz-focus-inner {
  border: none;
  outline: none;
}

.c8:-moz-placeholder,
.c8::-moz-placeholder {
  opacity: 1;
}

.c7 {
  position: relative;
  width: 100%;
}

.c0 {
  font-family: 'Source Sans Pro',Helvetica,sans-serif;
  font-size: 14px;
  line-height: 1.5;
  box-sizing: border-box;
  -webkit-text-size-adjust: 100%;
  -ms-text-size-adjust: 100%;
  -moz-osx-font-smoothing: grayscale;
  -webkit-font-smoothing: antialiased;
}

.c9 {
  cursor: pointer;
}

.c4 {
  border: 1px solid #DDE1f0;
  border-radius: 4px;
  color: #2A506F;
}

.c10 {
  font-family: 'Source Sans Pro',Helvetica,sans-serif;
  font-size: 14px;
  font-weight: normal;
  height: 36px;
  padding: 10px;
  padding-left: 20px;
}

.c2 > button {
  width: 100%;
}

.c1 {
  font-family: 'Source Sans Pro',Helvetica,sans-serif;
  font-size: 14px;
  color: #2A506F;
}

@media only screen and (max-width:768px) {
  .c11 {
    margin-left: 6px;
    margin-right: 6px;
  }
}

<div
  className="c0 c1"
>
  <div
    className="c2 "
  >
    <button
      aria-label="Open Drop"
      className="c3 c4"
      onBlur={[Function]}
      onClick={[Function]}
      onFocus={[Function]}
      onKeyDown={[Function]}
      onMouseOut={[Function]}
      onMouseOver={[Function]}
      type="button"
    >
      <div
        className="c5"
      >
        <div
          className="c6"
        >
          <div
            className="c7"
          >
            <input
              autoComplete="off"
              autoCapitalize="off"
              className="c8 c9 c10"
              onBlur={[Function]}
              onFocus={[Function]}
              onKeyDown={[Function]}
              readOnly={true}
              tabIndex="-1"
              type="text"
              value=""
            />
          </div>
        </div>
        <div
          className="c11"
          style={
            Object {
              "minWidth": "auto",
            }
          }
        >
          <svg
            aria-label="FormDown"
            className="c12"
            viewBox="0 0 24 24"
          >
            <polyline
              fill="none"
              points="18 9 12 15 6 9"
              stroke="#000"
              strokeWidth="2"
            />
          </svg>
        </div>
      </div>
    </button>
  </div>
</div>
`;
